../Core/Src/main.c:121:5:main	32	static,ignoring_inline_asm
../Core/Src/main.c:265:6:SystemClock_Config	120	static
../Core/Src/main.c:327:6:PeriphCommonClock_Config	192	static
../Core/Src/main.c:346:13:MX_CRC_Init	8	static
../Core/Src/main.c:377:13:MX_SPI1_Init	8	static
../Core/Src/main.c:425:13:MX_TIM1_Init	56	static
../Core/Src/main.c:497:13:MX_TIM2_Init	64	static
../Core/Src/main.c:568:13:MX_UART4_Init	8	static
../Core/Src/main.c:617:13:MX_UART5_Init	8	static
../Core/Src/main.c:665:13:MX_DMA_Init	16	static
../Core/Src/main.c:683:13:MX_GPIO_Init	48	static
../Core/Src/main.c:742:6:loop_processing	8	static
../Core/Src/main.c:827:6:MPU_Config	24	static
../Core/Src/main.c:858:6:Error_Handler	4	static,ignoring_inline_asm
