../Core/Src/main.c:102:5:main	7
../Core/Src/main.c:213:6:SystemClock_Config	4
../Core/Src/main.c:273:6:PeriphCommonClock_Config	2
../Core/Src/main.c:290:13:MX_CRC_Init	2
../Core/Src/main.c:319:13:MX_SPI1_Init	2
../Core/Src/main.c:367:13:MX_TIM1_Init	9
../Core/Src/main.c:425:13:MX_TIM2_Init	9
../Core/Src/main.c:558:13:MX_UART4_Init	5
../Core/Src/main.c:604:13:MX_UART5_Init	5
../Core/Src/main.c:650:13:MX_DMA_Init	1
../Core/Src/main.c:667:13:MX_GPIO_Init	1
../Core/Src/main.c:721:6:loop_processing	5
../Core/Src/main.c:817:6:MPU_Config	1
../Core/Src/main.c:847:6:Error_Handler	1
