../Core/Src/main.c:113:5:main	3
../Core/Src/main.c:241:6:SystemClock_Config	4
../Core/Src/main.c:303:6:PeriphCommonClock_Config	2
../Core/Src/main.c:322:13:MX_CRC_Init	2
../Core/Src/main.c:353:13:MX_SPI1_Init	2
../Core/Src/main.c:401:13:MX_TIM1_Init	9
../Core/Src/main.c:473:13:MX_TIM2_Init	9
../Core/Src/main.c:544:13:MX_UART4_Init	5
../Core/Src/main.c:593:13:MX_UART5_Init	5
../Core/Src/main.c:642:13:MX_DMA_Init	1
../Core/Src/main.c:662:13:MX_GPIO_Init	1
../Core/Src/main.c:724:6:MPU_Config	1
../Core/Src/main.c:755:6:Error_Handler	1
