../Core/Src/main.c:119:5:main	8	static
../Core/Src/main.c:255:6:SystemClock_Config	120	static
../Core/Src/main.c:317:6:PeriphCommonClock_Config	192	static
../Core/Src/main.c:336:13:MX_CRC_Init	8	static
../Core/Src/main.c:367:13:MX_SPI1_Init	8	static
../Core/Src/main.c:415:13:MX_TIM1_Init	56	static
../Core/Src/main.c:487:13:MX_TIM2_Init	64	static
../Core/Src/main.c:558:13:MX_UART4_Init	8	static
../Core/Src/main.c:607:13:MX_UART5_Init	8	static
../Core/Src/main.c:655:13:MX_DMA_Init	16	static
../Core/Src/main.c:673:13:MX_GPIO_Init	48	static
../Core/Src/main.c:732:6:loop_processing	8	static
../Core/Src/main.c:808:6:MPU_Config	24	static
../Core/Src/main.c:839:6:Error_Handler	4	static,ignoring_inline_asm
